
> localman@0.1.6 build S:\subhajit\developments\rust\localman
> tsc && vite build

src/components/CollectionsSidebar.tsx(558,3): error TS6133: 'activeWorkspaceName' is declared but its value is never read.
src/components/CollectionsSidebar.tsx(920,54): error TS6133: 'peerIp' is declared but its value is never read.
src/components/WebSocketWorkspace.tsx(97,12): error TS2741: Property 'globals' is missing in type '{ items: KeyValuePair[]; setItems: Dispatch<SetStateAction<KeyValuePair[]>>; environments: Environment[]; activeEnvId: string | null; }' but required in type 'Props'.
ΓÇëELIFECYCLEΓÇë Command failed with exit code 2.
