src/components/CollectionsSidebar.tsx(558,3): error TS6133: 'activeWorkspaceName' is declared but its value is never read.
src/components/CollectionsSidebar.tsx(920,54): error TS6133: 'peerIp' is declared but its value is never read.
